joelwindows7@JOEL-ROG-GL503GE:~/sauce/simplified/magic-lantern$ cd platform/
joelwindows7@JOEL-ROG-GL503GE:~/sauce/simplified/magic-lantern/platform$ ls
100D.101   5D2.212  5DSR.112  700D.115  7D_MASTER.203  Makefile.platform         RP.160
1100D.105  5D3.113  600D.102  750D.110  80D.102        Makefile.platform.base    SX740.102
200D.101   5D3.123  60D.111   760D.100  850D.100       Makefile.platform.extras  all
500D.111   5D4.112  650D.104  77D.102   EOSM.202       Makefile.platform.map     firmsum.py
50D.109    5D4.133  6D.116    7D.203    M50.110        R.180                     unmaintained
550D.109   5DS.111  6D2.105   7D2.104   Makefile       README-unmaintained.txt
joelwindows7@JOEL-ROG-GL503GE:~/sauce/simplified/magic-lantern/platform$ cd 200D.101/
joelwindows7@JOEL-ROG-GL503GE:~/sauce/simplified/magic-lantern/platform/200D.101$ make clean
Using ~/gcc-arm-none-eabi-5_4-2016q3/bin/arm-none-eabi-gcc (preferred).
[ RM       ]   *.o *.d autoexec autoexec.bin magiclantern magiclantern.bin
[ RM       ]   200D_101.sym magiclantern.sym
[ RM       ]   magiclantern.bin autoexec autoexec.map location.map tmp.lds
[ RM       ]   autoexec-fir autoexec-fir.bin
[ RM       ]   magiclantern.lds
[ RM       ]   dietlibc.a newlib-libc.a newlib-libm.a gcc-libgcc.a
[ RM       ]   version.c version.bin
[ RM       ]   xor_chk xor_chk.exe
[ RM dir   ]   zip
[ RM       ]   *.zip
joelwindows7@JOEL-ROG-GL503GE:~/sauce/simplified/magic-lantern/platform/200D.101$ make zip
Using ~/gcc-arm-none-eabi-5_4-2016q3/bin/arm-none-eabi-gcc (preferred).
[ RM dir   ]   /home/joelwindows7/sauce/simplified/magic-lantern/platform/200D.101/zip/
mkdir -p /home/joelwindows7/sauce/simplified/magic-lantern/platform/200D.101/zip
[ MKDIR    ]   ML directory structure...
[ CPP      ]   magiclantern.lds
mv tmp.lds magiclantern.lds
[ AS       ]   entry.o
[ AS       ]   ../../platform/200D.101/stubs.o
[ VERSION  ]   ../../platform/200D.101/version.c
../../build_tools/git_summary.py >> ../../platform/200D.101/version.c
[ CC       ]   version.o
[ CC       ]   backtrace.o
[ CC       ]   sgi.o
[ CC       ]   cpu.o
[ CC       ]   mmu_utils.o
[ CC       ]   patch_mmu.o
/tmp/cch9rvQZ.s: Assembler messages:
/tmp/cch9rvQZ.s:390: Error: invalid constant (4bd8) after fixup
make: *** [../../Makefile.filerules:25: patch_mmu.o] Error 1